
  [1;31mWe've found a bug for you![0m
  [36m/.../fixtures/private.res[0m:[2m3:1-9[0m

  1 [2mâ”‚[0m %%private
  2 [2mâ”‚[0m 
  [1;31m3[0m [2mâ”‚[0m [1;31m%%private[0m()
  4 [2mâ”‚[0m 

  %%private extension should not be empty