
  Syntax error!
  tests/printer/pattern/construct.res:19:17-22

  17 │ 
  18 │ switch sphere->intersect(~ray) {
  19 │ | None => assert false
  20 │ | Some((x, y)) => assert true
  21 │ }

  Did you forget a `(` here?


  Syntax error!
  tests/printer/pattern/construct.res:20:25-29

  18 │ switch sphere->intersect(~ray) {
  19 │ | None => assert false
  20 │ | Some((x, y)) => assert true
  21 │ }
  22 │ 

  Did you forget a `(` here?

