
  Syntax error!
  tests/printer/expr/braced.res:127:15-16

  125 │ })
  126 │ 
  127 │ let _ = assert { true }
  128 │ let _ = { assert { true } }
  129 │ let _ = { lazy { true } }

  Did you forget a `(` here?


  Syntax error!
  tests/printer/expr/braced.res:128:17-18

  126 │ 
  127 │ let _ = assert { true }
  128 │ let _ = { assert { true } }
  129 │ let _ = { lazy { true } }
  130 │ 

  Did you forget a `(` here?

