
  Syntax error!
  tests/printer/expr/exoticIdent.res:46:7-13

  44 │ let x = (\"type" : \"module")
  45 │ 
  46 │ assert \"let"
  47 │ 
  48 │ lazy \"let"

  Did you forget a `(` here?

