
  Syntax error!
  tests/printer/expr/field.res:44:16-21

  42 │ }).x
  43 │ 
  44 │ let x = (assert false).x
  45 │ let x = (lazy false).x
  46 │ let x = (try sideEffect() catch {| Exit => ()}).x

  Did you forget a `(` here?

