
  Syntax error!
  tests/printer/expr/jsx.res:176:23-27

  174 ┆ }}
  175 ┆ lazyExpr={lazy stuff()}
  176 ┆ assertExpr={assert true}
  177 ┆ pack=module(Foo)
  178 ┆ pack={module(Foo)}

  Did you forget a `(` here?


  Syntax error!
  tests/printer/expr/jsx.res:248:12-16

  246 ┆ }}
  247 ┆ {lazy stuff()}
  248 ┆ {assert true}
  249 ┆ {module(Foo)}
  250 ┆ module(Foo)

  Did you forget a `(` here?

