
  Syntax error!
  tests/printer/expr/lazy.res:42:21-26

  40 │ })
  41 │ 
  42 │ let x = lazy (assert false)
  43 │ let x = lazy (try sideEffect() catch {| Exit => ()})
  44 │ 

  Did you forget a `(` here?

