
  Syntax error!
  tests/printer/expr/ternary.res:102:41-46

  100 │ 
  101 │ let () = condition ? {module L = Logger; L.log()} : {exception Exit; r
      │ aise(Exit)}
  102 │ let () = condition ? lazy foo() : assert false
  103 │ 
  104 │ let x = condition ? module(Foo) : module(Int : Number)

  Did you forget a `(` here?

