
  Syntax error!
  tests/printer/expr/unary.res:30:9-10

  28 │ !(lazy x)
  29 │ lazy !x
  30 │ !(assert x)
  31 │ assert !x
  32 │ !(@attr expr)

  Did you forget a `(` here?

