
  Syntax error!
  tests/printer/expr/underscoreApply.res:43:7-8

  41 │ f(a, b, _) + g(x, _, z) + h(alpha, beta, _)
  42 │ 
  43 │ assert f(a, b, _)
  44 │ lazy f(a, b, _)
  45 │ 

  Did you forget a `(` here?

